{
  "scancode_notice": "Generated with ScanCode and provided on an \"AS IS\" BASIS, WITHOUT WARRANTIES\nOR CONDITIONS OF ANY KIND, either express or implied. No content created from\nScanCode should be considered or used as legal advice. Consult an Attorney\nfor any legal advice.\nScanCode is a free software code scanning tool from nexB Inc. and others.\nVisit https://github.com/nexB/scancode-toolkit/ for support and download.",
  "scancode_options": {
    "input": "<path>",
    "--copyright": true,
    "--json": "<file>",
    "--strip-root": true
  },
  "files_count": 1,
  "files": [
    {
      "path": "patchelf.pdf",
      "scan_errors": [
        "ERROR: for scanner: copyrights:\nERROR: Unknown error:\nTraceback (most recent call last):\n  File \"/home/pombreda/w421/scancode-toolkit-master/src/scancode/interrupt.py\", line 88, in interruptible\n    return NO_ERROR, func(*(args or ()), **(kwargs or {}))\n  File \"/home/pombreda/w421/scancode-toolkit-master/src/scancode/api.py\", line 59, in get_copyrights\n    for copyrights, authors, _years, holders, start_line, end_line in detect_copyrights(location):\n  File \"/home/pombreda/w421/scancode-toolkit-master/src/cluecode/copyrights.py\", line 71, in detect_copyrights\n    for numbered_lines in candidate_lines(analysis.text_lines(location)):\n  File \"/home/pombreda/w421/scancode-toolkit-master/src/cluecode/copyrights.py\", line 1270, in candidate_lines\n    for line_number, line in enumerate(lines):\n  File \"/home/pombreda/w421/scancode-toolkit-master/src/textcode/analysis.py\", line 125, in unicode_text_lines_from_pdf\n    for line in pdf.get_text_lines(location):\n  File \"/home/pombreda/w421/scancode-toolkit-master/src/textcode/pdf.py\", line 57, in get_text_lines\n    interpreter.process_page(page)\n  File \"/home/pombreda/w421/scancode-toolkit-master/lib/python2.7/site-packages/pdfminer/pdfinterp.py\", line 852, in process_page\n    self.render_contents(page.resources, page.contents, ctm=ctm)\n  File \"/home/pombreda/w421/scancode-toolkit-master/lib/python2.7/site-packages/pdfminer/pdfinterp.py\", line 862, in render_contents\n    self.init_resources(resources)\n  File \"/home/pombreda/w421/scancode-toolkit-master/lib/python2.7/site-packages/pdfminer/pdfinterp.py\", line 362, in init_resources\n    self.fontmap[fontid] = self.rsrcmgr.get_font(objid, spec)\n  File \"/home/pombreda/w421/scancode-toolkit-master/lib/python2.7/site-packages/pdfminer/pdfinterp.py\", line 212, in get_font\n    font = self.get_font(None, subspec)\n  File \"/home/pombreda/w421/scancode-toolkit-master/lib/python2.7/site-packages/pdfminer/pdfinterp.py\", line 203, in get_font\n    font = PDFCIDFont(self, spec)\n  File \"/home/pombreda/w421/scancode-toolkit-master/lib/python2.7/site-packages/pdfminer/pdffont.py\", line 667, in __init__\n    BytesIO(self.fontfile.get_data()))\n  File \"/home/pombreda/w421/scancode-toolkit-master/lib/python2.7/site-packages/pdfminer/pdffont.py\", line 386, in __init__\n    (ntables, _1, _2, _3) = struct.unpack('>HHHH', fp.read(8))\nerror: unpack requires a string argument of length 8\n"
      ],
      "copyrights": []
    }
  ]
}